
> revenue-os-next@0.1.0 test
> vitest components/layout/AppSidebar.test.jsx run


[1m[44m DEV [49m[22m [34mv4.0.16 [39m[90mC:/Users/suraj/Downloads/New folder (2)/New folder/revenue-os-next[39m

 [31mΓ¥»[39m components/layout/AppSidebar.test.jsx [2m([22m[2m3 tests[22m[2m | [22m[31m3 failed[39m[2m)[22m[32m 49[2mms[22m[39m
[31m     [31m├ù[31m renders navigation links[39m[32m 38[2mms[22m[39m
[31m     [31m├ù[31m highlights the active link[39m[32m 4[2mms[22m[39m
[31m     [31m├ù[31m displays user profile info[39m[32m 5[2mms[22m[39m
node.exe : 
At line:1 char:1
+ & "C:\Program Files\nodejs/node.exe" 
"C:\Users\suraj\AppData\Roaming\ ...
+ ~~~~~~~~~~~~~~~~~~~~~~~~~~~~~~~~~~~~~~~~~~~~~~~~~~~~~~~~~~~~~
~~~~~~~~
    + CategoryInfo          : NotSpecified: (:String) [], Remo 
   teException
    + FullyQualifiedErrorId : NativeCommandError
 
[31mΓÄ»ΓÄ»ΓÄ»ΓÄ»ΓÄ»ΓÄ»ΓÄ»[39m[1m[41m Failed Tests 3 
[49m[22m[31mΓÄ»ΓÄ»ΓÄ»ΓÄ»ΓÄ»ΓÄ»ΓÄ»[39m

[41m[1m FAIL [22m[49m 
components/layout/AppSidebar.test.jsx[2m > 
[22mAppSidebar[2m > [22mrenders navigation links
[41m[1m FAIL [22m[49m 
components/layout/AppSidebar.test.jsx[2m > 
[22mAppSidebar[2m > [22mhighlights the active link
[41m[1m FAIL [22m[49m 
components/layout/AppSidebar.test.jsx[2m > 
[22mAppSidebar[2m > [22mdisplays user profile info
[31m[1mError[22m: [vitest] No "FlaskConical" export is 
defined on the "lucide-react" mock. Did you forget to return 
it from "vi.mock"?
If you need to partially mock a module, you can use 
"importOriginal" helper inside:
[39m
vi.mock(import("lucide-react"), async (importOriginal) => {
  const actual = await importOriginal()
  return {
    ...actual,
    // your mocked methods
  }
})

[36m [2mΓ¥»[22m AppSidebar 
components/layout/AppSidebar.jsx:[2m146:14[22m[39m

[90m [2mΓ¥»[22m Object.react_stack_bottom_frame node_modules
/react-dom/cjs/react-dom-client.development.js:[2m25904:20[22
m[39m
[90m [2mΓ¥»[22m renderWithHooks node_modules/react-dom/cjs/r
eact-dom-client.development.js:[2m7662:22[22m[39m
[90m [2mΓ¥»[22m updateFunctionComponent node_modules/react-d
om/cjs/react-dom-client.development.js:[2m10166:19[22m[39m
[90m [2mΓ¥»[22m beginWork node_modules/react-dom/cjs/react-d
om-client.development.js:[2m11778:18[22m[39m
[90m [2mΓ¥»[22m runWithFiberInDEV node_modules/react-dom/cjs
/react-dom-client.development.js:[2m874:13[22m[39m
[90m [2mΓ¥»[22m performUnitOfWork node_modules/react-dom/cjs
/react-dom-client.development.js:[2m17641:22[22m[39m
[90m [2mΓ¥»[22m workLoopSync node_modules/react-dom/cjs/reac
t-dom-client.development.js:[2m17469:41[22m[39m

[31m[2mΓÄ»ΓÄ»ΓÄ»ΓÄ»ΓÄ»ΓÄ»ΓÄ»ΓÄ»ΓÄ»ΓÄ»ΓÄ»ΓÄ»ΓÄ»ΓÄ»ΓÄ»ΓÄ»ΓÄ»ΓÄ»
ΓÄ»ΓÄ»ΓÄ»ΓÄ»ΓÄ»ΓÄ»[1/3]ΓÄ»[22m[39m


[2m Test Files [22m [1m[31m1 failed[39m[22m[90m (1)[39m
[2m      Tests [22m [1m[31m3 failed[39m[22m[90m (3)[39m
[2m   Start at [22m 14:15:28
[2m   Duration [22m 6.66s[2m (transform 327ms, setup 1.11s, import 433ms, tests 49ms, environment 2.44s)[22m

[1m[41m FAIL [49m[22m [31mTests failed. Watching for file changes...[39m
       [2mpress [22m[1mh[22m[2m to show help[22m[2m, [22m[2mpress [22m[1mq[22m[2m to quit[22m
c[3J[1m[44m RERUN [49m[22m [34m[2mcomponents/layout/AppSidebar.test.jsx [22m[34mx1 [34m[39m
       [2m Filename pattern: [22m[34mcomponents/layout/AppSidebar.test.jsx, run[39m

 [31mΓ¥»[39m components/layout/AppSidebar.test.jsx [2m([22m[2m3 tests[22m[2m | [22m[31m3 failed[39m[2m)[22m[32m 111[2mms[22m[39m
[31m     [31m├ù[31m renders navigation links[39m[32m 73[2mms[22m[39m
[31m     [31m├ù[31m highlights the active link[39m[32m 12[2mms[22m[39m
[31m     [31m├ù[31m displays user profile info[39m[32m 18[2mms[22m[39m

[31mΓÄ»ΓÄ»ΓÄ»ΓÄ»ΓÄ»ΓÄ»ΓÄ»[39m[1m[41m Failed Tests 3 
[49m[22m[31mΓÄ»ΓÄ»ΓÄ»ΓÄ»ΓÄ»ΓÄ»ΓÄ»[39m

[41m[1m FAIL [22m[49m 
components/layout/AppSidebar.test.jsx[2m > 
[22mAppSidebar[2m > [22mrenders navigation links
[41m[1m FAIL [22m[49m 
components/layout/AppSidebar.test.jsx[2m > 
[22mAppSidebar[2m > [22mhighlights the active link
[41m[1m FAIL [22m[49m 
components/layout/AppSidebar.test.jsx[2m > 
[22mAppSidebar[2m > [22mdisplays user profile info
[31m[1mError[22m: [vitest] No "FlaskConical" export is 
defined on the "lucide-react" mock. Did you forget to return 
it from "vi.mock"?
If you need to partially mock a module, you can use 
"importOriginal" helper inside:
[39m
vi.mock(import("lucide-react"), async (importOriginal) => {
  const actual = await importOriginal()
  return {
    ...actual,
    // your mocked methods
  }
})

[36m [2mΓ¥»[22m AppSidebar 
components/layout/AppSidebar.jsx:[2m146:14[22m[39m

[90m [2mΓ¥»[22m Object.react_stack_bottom_frame node_modules
/react-dom/cjs/react-dom-client.development.js:[2m25904:20[22
m[39m
[90m [2mΓ¥»[22m renderWithHooks node_modules/react-dom/cjs/r
eact-dom-client.development.js:[2m7662:22[22m[39m
[90m [2mΓ¥»[22m updateFunctionComponent node_modules/react-d
om/cjs/react-dom-client.development.js:[2m10166:19[22m[39m
[90m [2mΓ¥»[22m beginWork node_modules/react-dom/cjs/react-d
om-client.development.js:[2m11778:18[22m[39m
[90m [2mΓ¥»[22m runWithFiberInDEV node_modules/react-dom/cjs
/react-dom-client.development.js:[2m874:13[22m[39m
[90m [2mΓ¥»[22m performUnitOfWork node_modules/react-dom/cjs
/react-dom-client.development.js:[2m17641:22[22m[39m
[90m [2mΓ¥»[22m workLoopSync node_modules/react-dom/cjs/reac
t-dom-client.development.js:[2m17469:41[22m[39m

[31m[2mΓÄ»ΓÄ»ΓÄ»ΓÄ»ΓÄ»ΓÄ»ΓÄ»ΓÄ»ΓÄ»ΓÄ»ΓÄ»ΓÄ»ΓÄ»ΓÄ»ΓÄ»ΓÄ»ΓÄ»ΓÄ»
ΓÄ»ΓÄ»ΓÄ»ΓÄ»ΓÄ»ΓÄ»[1/3]ΓÄ»[22m[39m


[2m Test Files [22m [1m[31m1 failed[39m[22m[90m (1)[39m
[2m      Tests [22m [1m[31m3 failed[39m[22m[90m (3)[39m
[2m   Start at [22m 14:16:31
[2m   Duration [22m 1.80s

[1m[41m FAIL [49m[22m [31mTests failed. Watching for file changes...[39m
       [2mpress [22m[1mh[22m[2m to show help[22m[2m, [22m[2mpress [22m[1mq[22m[2m to quit[22m
c[3J[1m[44m RERUN [49m[22m [34m[2mvitest.setup.mjs [22m[34mx2 [34m[39m
       [2m Filename pattern: [22m[34mcomponents/layout/AppSidebar.test.jsx, run[39m

 [31mΓ¥»[39m components/layout/AppSidebar.test.jsx [2m([22m[2m3 tests[22m[2m | [22m[31m3 failed[39m[2m)[22m[32m 106[2mms[22m[39m
[31m     [31m├ù[31m renders navigation links[39m[32m 77[2mms[22m[39m
[31m     [31m├ù[31m highlights the active link[39m[32m 9[2mms[22m[39m
[31m     [31m├ù[31m displays user profile info[39m[32m 14[2mms[22m[39m

[31mΓÄ»ΓÄ»ΓÄ»ΓÄ»ΓÄ»ΓÄ»ΓÄ»[39m[1m[41m Failed Tests 3 
[49m[22m[31mΓÄ»ΓÄ»ΓÄ»ΓÄ»ΓÄ»ΓÄ»ΓÄ»[39m

[41m[1m FAIL [22m[49m 
components/layout/AppSidebar.test.jsx[2m > 
[22mAppSidebar[2m > [22mrenders navigation links
[41m[1m FAIL [22m[49m 
components/layout/AppSidebar.test.jsx[2m > 
[22mAppSidebar[2m > [22mhighlights the active link
[41m[1m FAIL [22m[49m 
components/layout/AppSidebar.test.jsx[2m > 
[22mAppSidebar[2m > [22mdisplays user profile info
[31m[1mError[22m: [vitest] No "FlaskConical" export is 
defined on the "lucide-react" mock. Did you forget to return 
it from "vi.mock"?
If you need to partially mock a module, you can use 
"importOriginal" helper inside:
[39m
vi.mock(import("lucide-react"), async (importOriginal) => {
  const actual = await importOriginal()
  return {
    ...actual,
    // your mocked methods
  }
})

[36m [2mΓ¥»[22m AppSidebar 
components/layout/AppSidebar.jsx:[2m146:14[22m[39m

[90m [2mΓ¥»[22m Object.react_stack_bottom_frame node_modules
/react-dom/cjs/react-dom-client.development.js:[2m25904:20[22
m[39m
[90m [2mΓ¥»[22m renderWithHooks node_modules/react-dom/cjs/r
eact-dom-client.development.js:[2m7662:22[22m[39m
[90m [2mΓ¥»[22m updateFunctionComponent node_modules/react-d
om/cjs/react-dom-client.development.js:[2m10166:19[22m[39m
[90m [2mΓ¥»[22m beginWork node_modules/react-dom/cjs/react-d
om-client.development.js:[2m11778:18[22m[39m
[90m [2mΓ¥»[22m runWithFiberInDEV node_modules/react-dom/cjs
/react-dom-client.development.js:[2m874:13[22m[39m
[90m [2mΓ¥»[22m performUnitOfWork node_modules/react-dom/cjs
/react-dom-client.development.js:[2m17641:22[22m[39m
[90m [2mΓ¥»[22m workLoopSync node_modules/react-dom/cjs/reac
t-dom-client.development.js:[2m17469:41[22m[39m

[31m[2mΓÄ»ΓÄ»ΓÄ»ΓÄ»ΓÄ»ΓÄ»ΓÄ»ΓÄ»ΓÄ»ΓÄ»ΓÄ»ΓÄ»ΓÄ»ΓÄ»ΓÄ»ΓÄ»ΓÄ»ΓÄ»
ΓÄ»ΓÄ»ΓÄ»ΓÄ»ΓÄ»ΓÄ»[1/3]ΓÄ»[22m[39m


[2m Test Files [22m [1m[31m1 failed[39m[22m[90m (1)[39m
[2m      Tests [22m [1m[31m3 failed[39m[22m[90m (3)[39m
[2m   Start at [22m 14:16:58
[2m   Duration [22m 1.33s

[1m[41m FAIL [49m[22m [31mTests failed. Watching for file changes...[39m
       [2mpress [22m[1mh[22m[2m to show help[22m[2m, [22m[2mpress [22m[1mq[22m[2m to quit[22m
c[3J[1m[44m RERUN [49m[22m [34m[2mcomponents/layout/AppSidebar.jsx [22m[34mx3 [34m[39m
       [2m Filename pattern: [22m[34mcomponents/layout/AppSidebar.test.jsx, run[39m

[90mstdout[2m | components/layout/AppSidebar.test.jsx[2m > [22m[2mAppSidebar[2m > [22m[2mrenders navigation links
[22m[39mRendering Link: /dashboard
Rendering Link: /analytics
Rendering Link: /activity
Rendering Link: /leads
Rendering Link: /accounts
Rendering Link: /deals
Rendering Link: /pipeline
Rendering Link: /tasks
Rendering Link: /contracts
Rendering Link: /messages
Rendering Link: /ai-assistant
Rendering Link: /forecasts
Rendering Link: /settings

[90mstdout[2m | components/layout/AppSidebar.test.jsx[2m > [22m[2mAppSidebar[2m > [22m[2mhighlights the active link
[22m[39mRendering Link: /dashboard
Rendering Link: /analytics
Rendering Link: /activity
Rendering Link: /leads
Rendering Link: /accounts
Rendering Link: /deals
Rendering Link: /pipeline
Rendering Link: /tasks
Rendering Link: /contracts
Rendering Link: /messages
Rendering Link: /ai-assistant
Rendering Link: /forecasts
Rendering Link: /settings

[90mstdout[2m | components/layout/AppSidebar.test.jsx[2m > [22m[2mAppSidebar[2m > [22m[2mdisplays user profile info
[22m[39mRendering Link: /dashboard
Rendering Link: /analytics
Rendering Link: /activity
Rendering Link: /leads
Rendering Link: /accounts
Rendering Link: /deals
Rendering Link: /pipeline
Rendering Link: /tasks
Rendering Link: /contracts
Rendering Link: /messages
Rendering Link: /ai-assistant
Rendering Link: /forecasts
Rendering Link: /settings

 [31mΓ¥»[39m components/layout/AppSidebar.test.jsx [2m([22m[2m3 tests[22m[2m | [22m[31m1 failed[39m[2m)[22m[33m 1752[2mms[22m[39m
     [33m[2mΓ£ô[22m[39m renders navigation links [33m 1556[2mms[22m[39m
     [32mΓ£ô[39m highlights the active link[32m 43[2mms[22m[39m
[31m     [31m├ù[31m displays user profile info[39m[32m 142[2mms[22m[39m

[31mΓÄ»ΓÄ»ΓÄ»ΓÄ»ΓÄ»ΓÄ»ΓÄ»[39m[1m[41m Failed Tests 1 
[49m[22m[31mΓÄ»ΓÄ»ΓÄ»ΓÄ»ΓÄ»ΓÄ»ΓÄ»[39m

[41m[1m FAIL [22m[49m 
components/layout/AppSidebar.test.jsx[2m > 
[22mAppSidebar[2m > [22mdisplays user profile info
[31m[1mTestingLibraryElementError[22m[39m: Unable to find 
an element with the text: Test User. This could be because the 
text is broken up by multiple elements. In this case, you can 
provide a function for your text matcher to make your matcher 
more flexible.

Ignored nodes: comments, script, style
[36m<body>[39m
  [36m<div>[39m
    [36m<aside[39m
      [33mclass[39m=[32m"h-screen w-64 flex-shrink-0 flex 
flex-col bg-sidebar border-r border-sidebar-border"[39m
    [36m>[39m
      [36m<div[39m
        [33mclass[39m=[32m"flex items-center gap-3 px-6 
py-5 border-b border-sidebar-border"[39m
      [36m>[39m
        [36m<div[39m
          [33mclass[39m=[32m"flex h-9 w-9 items-center 
justify-center rounded-lg bg-gradient-primary"[39m
        [36m>[39m
          [36m<span />[39m
        [36m</div>[39m
        [36m<div>[39m
          [36m<h1[39m
            [33mclass[39m=[32m"text-lg font-semibold 
text-sidebar-foreground"[39m
          [36m>[39m
            [0mNexus CRM[0m
          [36m</h1>[39m
          [36m<p[39m
            [33mclass[39m=[32m"text-xs 
text-sidebar-foreground/60"[39m
          [36m>[39m
            [0mEnterprise CRM[0m
          [36m</p>[39m
        [36m</div>[39m
      [36m</div>[39m
      [36m<nav[39m
        [33mclass[39m=[32m"flex-1 overflow-y-auto px-3 
py-4"[39m
      [36m>[39m
        [36m<div[39m
          [33mclass[39m=[32m"mb-6"[39m
        [36m>[39m
          [36m<h3[39m
            [33mclass[39m=[32m"mb-2 px-3 text-xs 
font-semibold uppercase tracking-wider 
text-sidebar-foreground/50"[39m
          [36m>[39m
            [0mOverview[0m
          [36m</h3>[39m
          [36m<ul[39m
            [33mclass[39m=[32m"space-y-1"[39m
          [36m>[39m
            [36m<li>[39m
              [36m<a[39m
                [33mclass[39m=[32m"nav-item 
nav-item-active"[39m
                [33mhref[39m=[32m"/dashboard"[39m
              [36m>[39m
                [36m<span[39m
                  
[33mdata-testid[39m=[32m"icon-dashboard"[39m
                [36m/>[39m
                [36m<span[39m
                  [33mclass[39m=[32m"flex-1"[39m
                [36m>[39m
                  [0mDashboard[0m
                [36m</span>[39m
              [36m</a>[39m
            [36m</li>[39m
            [36m<li>[39m
              [36m<a[39m
                [33mclass[39m=[32m"nav-item"[39m
                [33mhref[39m=[32m"/analytics"[39m
              [36m>[39m
                [36m<span[39m
                  
[33mdata-testid[39m=[32m"icon-analytics"[39m
                [36m/>[39m
                [36m<span[39m
                  [33mclass[39m=[32m"flex-1"[39m
                [36m>[39m
                  [0mAnalytics[0m
                [36m</span>[39m
              [36m</a>[39m
            [36m</li>[39m
            [36m<li>[39m
              [36m<a[39m
                [33mclass[39m=[32m"nav-item"[39m
                [33mhref[39m=[32m"/activity"[39m
              [36m>[39m
                [36m<span />[39m
                [36m<span[39m
                  [33mclass[39m=[32m"flex-1"[39m
                [36m>[39m
                  [0mActivity[0m
                [36m</span>[39m
              [36m</a>[39m
            [36m</li>[39m
          [36m</ul>[39m
        [36m</div>[39m
        [36m<div[39m
          [33mclass[39m=[32m"mb-6"[39m
        [36m>[39m
          [36m<h3[39m
            [33mclass[39m=[32m"mb-2 px-3 text-xs 
font-semibold uppercase tracking-wider 
text-sidebar-foreground/50"[39m
          [36m>[39m
            [0mSales[0m
          [36m</h3>[39m
          [36m<ul[39m
            [33mclass[39m=[32m"space-y-1"[39m
          [36m>[39m
            [36m<li>[39m
              [36m<a[39m
                [33mclass[39m=[32m"nav-item"[39m
                [33mhref[39m=[32m"/leads"[39m
              [36m>[39m
                [36m<span />[39m
                [36m<span[39m
                  [33mclass[39m=[32m"flex-1"[39m
                [36m>[39m
                  [0mLeads[0m
                [36m</span>[39m
              [36m</a>[39m
            [36m</li>[39m
            [36m<li>[39m
              [36m<a[39m
                [33mclass[39m=[32m"nav-item"[39m
                [33mhref[39m=[32m"/accounts"[39m
              [36m>[39m
                [36m<span />[39m
                [36m<span[39m
                  [33mclass[39m=[32m"flex-1"[39m
                [36m>[39m
                  [0mAccounts[0m
                [36m</span>[39m
              [36m</a>[39m
            [36m</li>[39m
            [36m<li>[39m
              [36m<a[39m
                [33mclass[39m=[32m"nav-item"[39m
                [33mhref[39m=[32m"/deals"[39m
              [36m>[39m
                [36m<span />[39m
                [36m<span[39m
                  [33mclass[39m=[32m"flex-1"[39m
                [36m>[39m
                  [0mDeals[0m
                [36m</span>[39m
              [36m</a>[39m
            [36m</li>[39m
            [36m<li>[39m
              [36m<a[39m
                [33mclass[39m=[32m"nav-item"[39m
                [33mhref[39m=[32m"/pipeline"[39m

[2m Test Files [22m [1m[31m1 failed[39m[22m[90m (1)[39m
[2m      Tests [22m [1m[31m1 failed[39m[22m[2m | [22m[1m[32m2 passed[39m[22m[90m (3)[39m
[2m   Start at [22m 14:17:36
[2m   Duration [22m 4.55s

[1m[41m FAIL [49m[22m [31mTests failed. Watching for file changes...[39m
       [2mpress [22m[1mh[22m[2m to show help[22m[2m, [22m[2mpress [22m[1mq[22m[2m to quit[22m
              [36m>[39m
                [36m<span />[39m
                [36m<span[39m
                  [33mclass[39m=[32m"flex-1"[39m
                [36m>[39m
                  [0mPipeline[0m
                [36m</span>[39m
              [36m</a>[39m
            [36m</li>[39m
          [36m</ul>[39m
        [36m</div>[39m
        [36m<div[39m
          [33mclass[39m=[32m"mb-6"[39m
        [36m>[39m
          [36m<h3[39m
            [33mclass[39m=[32m"mb-2 px-3 text-xs 
font-semibold uppercase tracking-wider 
text-sidebar-foreground/50"[39m
          [36m>[39m
            [0mEngagement[0m
          [36m</h3>[39m
          [36m<ul[39m
            [33mclass[39m=[32m"space-y-1"[39m
          [36m>[39m
            [36m<li>[39m
              [36m<a[39m
                [33mclass[39m=[32m"nav-item"[39m
                [33mhref[39m=[32m"/tasks"[39m
              [36m>[39m
                [36m<span />[39m
                [36m<span[39m
                  [33mclass[39m=[32m"flex-1"[39m
                [36m>[39m
                  [0mTasks[0m
                [36m</span>[39m
              [36m</a>[39m
            [36m</li>[39m
            [36m<li>[39m
              [36m<a[39m
                [33mclass[39m=[32m"nav-item"[39m
                [33mhref[39m=[32m"/contracts"[39m
              [36m>[39m
                [36m<span />[39m
                [36m<span[39m
                  [33mclass[39m=[32m"flex-1"[39m
                [36m>[39m
                  [0mContracts[0m
                [36m</span>[39m
              [36m</a>[39m
            [36m</li>[39m
            [36m<li>[39m
              [36m<a[39m
                [33mclass[39m=[32m"nav-item"[39m
                [33mhref[39m=[32m"/messages"[39m
              [36m>[39m
                [36m<span />[39m
                [36m<span[39m
                  [33mclass[39m=[32m"flex-1"[39m
                [36m>[39m
                  [0mMessages[0m
                [36m</span>[39m
              [36m</a>[39m
            [36m</li>[39m
          [36m</ul>[39m
        [36m</div>[39m
        [36m<div[39m
          [33mclass[39m=[32m"mb-6"[39m
        [36m>[39m
          [36m<h3[39m
            [33mclass[39m=[32m"mb-2 px-3 text-xs 
font-semibold uppercase tracking-wider 
text-sidebar-foreground/50"[39m
          [36m>[39m
            [0mAI & Insights[0m
          [36m</h3>[39m
          [36m<ul[39m
            [33mclass[39m=[32m"space-y-1"[39m
          [36m>[39m
            [36m<li>[39m
              [36m<a[39m
                [33mclass[39m=[32m"nav-item"[39m
                [33mhref[39m=[32m"/ai-assistant"[39m
              [36m>[39m
                [36m<span />[39m
                [36m<span[39m
                  [33mclass[39m=[32m"flex-1"[39m
                [36m>[39m
                  [0mAI Assistant[0m
                [36m</span>[39m
              [36m</a>[39m
            [36m</li>[39m
            [36m<li>[39m
              [36m<a[39m
                [33mclass[39m=[32m"nav-item"[39m
                [33mhref[39m=[32m"/forecasts"[39m
              [36m>[39m
                [36m<span />[39m
                [36m<span[39m
                  [33mclass[39m=[32m"flex-1"[39m
                [36m>[39m
                  [0mForecasts[0m
                [36m</span>[39m
              [36m</a>[39m
            [36m</li>[39m
          [36m</ul>[39m
        [36m</div>[39m
        [36m<div[39m
          [33mclass[39m=[32m"mb-6"[39m
        [36m>[39m
          [36m<h3[39m
            [33mclass[39m=[32m"mb-2 px-3 text-xs 
font-semibold uppercase tracking-wider 
text-sidebar-foreground/50"[39m
          [36m>[39m
            [0mSettings[0m
          [36m</h3>[39m
          [36m<ul[39m
            [33mclass[39m=[32m"space-y-1"[39m
          [36m>[39m
            [36m<li>[39m
              [36m<a[39m
                [33mclass[39m=[32m"nav-item"[39m
                [33mhref[39m=[32m"/settings"[39m
              [36m>[39m
                [36m<span[39m
                  
[33mdata-testid[39m=[32m"icon-settings"[39m
                [36m/>[39m
                [36m<span[39m
                  [33mclass[39m=[32m"flex-1"[39m
                [36m>[39m
                  [0mSettings[0m
                [36m</span>[39m
              [36m</a>[39m
            [36m</li>[39m
          [36m</ul>[39m
        [36m</div>[39m
      [36m</nav>[39m
    [36m</aside>[39m
  [36m</div>[39m
[36m</body>[39m
[90m [2mΓ¥»[22m Object.getElementError node_modules/@testing
-library/dom/dist/config.js:[2m37:19[22m[39m
[90m [2mΓ¥»[22m node_modules/@testing-library/dom/dist/query
-helpers.js:[2m76:38[22m[39m
[90m [2mΓ¥»[22m node_modules/@testing-library/dom/dist/query
-helpers.js:[2m52:17[22m[39m
[90m [2mΓ¥»[22m node_modules/@testing-library/dom/dist/query
-helpers.js:[2m95:19[22m[39m
[36m [2mΓ¥»[22m 
components/layout/AppSidebar.test.jsx:[2m73:23[22m[39m
    [90m 71| [39m    [34mit[39m([32m'displays user 
profile info'[39m[33m,[39m () [33m=>[39m {
    [90m 72| [39m        
[34mrender[39m([33m<[39m[33mAppSidebar[39m 
[33m/[39m[33m>[39m)
    [90m 73| [39m        [34mexpect[39m(screen[33m.[39m[
34mgetByText[39m([32m'Test 
User'[39m))[33m.[39m[34mtoBeInTheDocument[39m()
    [90m   | [39m                      [31m^[39m
    [90m 74| [39m        expect(screen.getByText('test@exampl
e.com')).toBeInTheDocumentΓÇª
    [90m 75| [39m    })

[31m[2mΓÄ»ΓÄ»ΓÄ»ΓÄ»ΓÄ»ΓÄ»ΓÄ»ΓÄ»ΓÄ»ΓÄ»ΓÄ»ΓÄ»ΓÄ»ΓÄ»ΓÄ»ΓÄ»ΓÄ»ΓÄ»
ΓÄ»ΓÄ»ΓÄ»ΓÄ»ΓÄ»ΓÄ»[1/1]ΓÄ»[22m[39m

c[3J[1m[44m RERUN [49m[22m [34m[2mcomponents/layout/AppSidebar.jsx [22m[34mx4 [34m[39m
       [2m Filename pattern: [22m[34mcomponents/layout/AppSidebar.test.jsx, run[39m

 [31mΓ¥»[39m components/layout/AppSidebar.test.jsx [2m([22m[2m3 tests[22m[2m | [22m[31m3 failed[39m[2m)[22m[32m 146[2mms[22m[39m
[31m     [31m├ù[31m renders navigation links[39m[32m 102[2mms[22m[39m
[31m     [31m├ù[31m highlights the active link[39m[32m 13[2mms[22m[39m
[31m     [31m├ù[31m displays user profile info[39m[32m 27[2mms[22m[39m

[31mΓÄ»ΓÄ»ΓÄ»ΓÄ»ΓÄ»ΓÄ»ΓÄ»[39m[1m[41m Failed Tests 3 
[49m[22m[31mΓÄ»ΓÄ»ΓÄ»ΓÄ»ΓÄ»ΓÄ»ΓÄ»[39m

[41m[1m FAIL [22m[49m 
components/layout/AppSidebar.test.jsx[2m > 
[22mAppSidebar[2m > [22mrenders navigation links
[41m[1m FAIL [22m[49m 
components/layout/AppSidebar.test.jsx[2m > 
[22mAppSidebar[2m > [22mhighlights the active link
[41m[1m FAIL [22m[49m 
components/layout/AppSidebar.test.jsx[2m > 
[22mAppSidebar[2m > [22mdisplays user profile info
[31m[1mError[22m: [vitest] No "FlaskConical" export is 
defined on the "lucide-react" mock. Did you forget to return 
it from "vi.mock"?
If you need to partially mock a module, you can use 
"importOriginal" helper inside:
[39m
vi.mock(import("lucide-react"), async (importOriginal) => {
  const actual = await importOriginal()
  return {
    ...actual,
    // your mocked methods
  }
})

[36m [2mΓ¥»[22m AppSidebar 
components/layout/AppSidebar.jsx:[2m146:14[22m[39m

[90m [2mΓ¥»[22m Object.react_stack_bottom_frame node_modules
/react-dom/cjs/react-dom-client.development.js:[2m25904:20[22
m[39m
[90m [2mΓ¥»[22m renderWithHooks node_modules/react-dom/cjs/r
eact-dom-client.development.js:[2m7662:22[22m[39m
[90m [2mΓ¥»[22m updateFunctionComponent node_modules/react-d
om/cjs/react-dom-client.development.js:[2m10166:19[22m[39m
[90m [2mΓ¥»[22m beginWork node_modules/react-dom/cjs/react-d
om-client.development.js:[2m11778:18[22m[39m
[90m [2mΓ¥»[22m runWithFiberInDEV node_modules/react-dom/cjs
/react-dom-client.development.js:[2m874:13[22m[39m
[90m [2mΓ¥»[22m performUnitOfWork node_modules/react-dom/cjs
/react-dom-client.development.js:[2m17641:22[22m[39m
[90m [2mΓ¥»[22m workLoopSync node_modules/react-dom/cjs/reac
t-dom-client.development.js:[2m17469:41[22m[39m


[2m Test Files [22m [1m[31m1 failed[39m[22m[90m (1)[39m
[2m      Tests [22m [1m[31m3 failed[39m[22m[90m (3)[39m
[2m   Start at [22m 14:18:26
[2m   Duration [22m 2.75s

[31m[2mΓÄ»ΓÄ»ΓÄ»ΓÄ»ΓÄ»ΓÄ»ΓÄ»ΓÄ»ΓÄ»ΓÄ»ΓÄ»ΓÄ»ΓÄ»ΓÄ»ΓÄ»ΓÄ»ΓÄ»ΓÄ»
ΓÄ»ΓÄ»ΓÄ»ΓÄ»ΓÄ»ΓÄ»[1/3]ΓÄ»[22m[39m

[1m[41m FAIL [49m[22m [31mTests failed. Watching for file changes...[39m
       [2mpress [22m[1mh[22m[2m to show help[22m[2m, [22m[2mpress [22m[1mq[22m[2m to quit[22m
c[3J[1m[44m RERUN [49m[22m [34m[2mcomponents/layout/AppSidebar.test.jsx [22m[34mx5 [34m[39m
       [2m Filename pattern: [22m[34mcomponents/layout/AppSidebar.test.jsx, run[39m

 [31mΓ¥»[39m components/layout/AppSidebar.test.jsx [2m([22m[2m3 tests[22m[2m | [22m[31m3 failed[39m[2m)[22m[32m 94[2mms[22m[39m
[31m     [31m├ù[31m renders navigation links[39m[32m 69[2mms[22m[39m
[31m     [31m├ù[31m highlights the active link[39m[32m 8[2mms[22m[39m
[31m     [31m├ù[31m displays user profile info[39m[32m 12[2mms[22m[39m

[31mΓÄ»ΓÄ»ΓÄ»ΓÄ»ΓÄ»ΓÄ»ΓÄ»[39m[1m[41m Failed Tests 3 
[49m[22m[31mΓÄ»ΓÄ»ΓÄ»ΓÄ»ΓÄ»ΓÄ»ΓÄ»[39m

[41m[1m FAIL [22m[49m 
components/layout/AppSidebar.test.jsx[2m > 
[22mAppSidebar[2m > [22mrenders navigation links
[41m[1m FAIL [22m[49m 
components/layout/AppSidebar.test.jsx[2m > 
[22mAppSidebar[2m > [22mhighlights the active link
[41m[1m FAIL [22m[49m 
components/layout/AppSidebar.test.jsx[2m > 
[22mAppSidebar[2m > [22mdisplays user profile info
[31m[1mError[22m: [vitest] No "FlaskConical" export is 
defined on the "lucide-react" mock. Did you forget to return 
it from "vi.mock"?
If you need to partially mock a module, you can use 
"importOriginal" helper inside:
[39m
vi.mock(import("lucide-react"), async (importOriginal) => {
  const actual = await importOriginal()
  return {
    ...actual,
    // your mocked methods
  }
})

[36m [2mΓ¥»[22m AppSidebar 
components/layout/AppSidebar.jsx:[2m146:14[22m[39m

[90m [2mΓ¥»[22m Object.react_stack_bottom_frame node_modules
/react-dom/cjs/react-dom-client.development.js:[2m25904:20[22
m[39m
[90m [2mΓ¥»[22m renderWithHooks node_modules/react-dom/cjs/r
eact-dom-client.development.js:[2m7662:22[22m[39m
[90m [2mΓ¥»[22m updateFunctionComponent node_modules/react-d
om/cjs/react-dom-client.development.js:[2m10166:19[22m[39m
[90m [2mΓ¥»[22m beginWork node_modules/react-dom/cjs/react-d
om-client.development.js:[2m11778:18[22m[39m
[90m [2mΓ¥»[22m runWithFiberInDEV node_modules/react-dom/cjs
/react-dom-client.development.js:[2m874:13[22m[39m
[90m [2mΓ¥»[22m performUnitOfWork node_modules/react-dom/cjs
/react-dom-client.development.js:[2m17641:22[22m[39m
[90m [2mΓ¥»[22m workLoopSync node_modules/react-dom/cjs/reac
t-dom-client.development.js:[2m17469:41[22m[39m

[31m[2mΓÄ»ΓÄ»ΓÄ»ΓÄ»ΓÄ»ΓÄ»ΓÄ»ΓÄ»ΓÄ»ΓÄ»ΓÄ»ΓÄ»ΓÄ»ΓÄ»ΓÄ»ΓÄ»ΓÄ»ΓÄ»
ΓÄ»ΓÄ»ΓÄ»ΓÄ»ΓÄ»ΓÄ»[1/3]ΓÄ»[22m[39m


[2m Test Files [22m [1m[31m1 failed[39m[22m[90m (1)[39m
[2m      Tests [22m [1m[31m3 failed[39m[22m[90m (3)[39m
[2m   Start at [22m 14:18:38
[2m   Duration [22m 17.70s

[1m[41m FAIL [49m[22m [31mTests failed. Watching for file changes...[39m
       [2mpress [22m[1mh[22m[2m to show help[22m[2m, [22m[2mpress [22m[1mq[22m[2m to quit[22m
c[3J[1m[44m RERUN [49m[22m [34m[2mcomponents/layout/AppSidebar.jsx [22m[34mx6 [34m[39m
       [2m Filename pattern: [22m[34mcomponents/layout/AppSidebar.test.jsx, run[39m

[90mstdout[2m | components/layout/AppSidebar.test.jsx[2m > [22m[2mAppSidebar[2m > [22m[2mrenders navigation links
[22m[39mRendering Link: /dashboard
Rendering Link: /analytics
Rendering Link: /activity
Rendering Link: /leads
Rendering Link: /accounts
Rendering Link: /deals
Rendering Link: /pipeline
Rendering Link: /tasks
Rendering Link: /contracts
Rendering Link: /messages
Rendering Link: /ai-assistant
Rendering Link: /forecasts
Rendering Link: /settings
Rendering Link: /settings

[90mstdout[2m | components/layout/AppSidebar.test.jsx[2m > [22m[2mAppSidebar[2m > [22m[2mhighlights the active link
[22m[39mRendering Link: /dashboard
Rendering Link: /analytics
Rendering Link: /activity
Rendering Link: /leads
Rendering Link: /accounts
Rendering Link: /deals
Rendering Link: /pipeline
Rendering Link: /tasks
Rendering Link: /contracts
Rendering Link: /messages
Rendering Link: /ai-assistant
Rendering Link: /forecasts
Rendering Link: /settings
Rendering Link: /settings

[90mstdout[2m | components/layout/AppSidebar.test.jsx[2m > [22m[2mAppSidebar[2m > [22m[2mdisplays user profile info
[22m[39mRendering Link: /dashboard
Rendering Link: /analytics
Rendering Link: /activity
Rendering Link: /leads
Rendering Link: /accounts
Rendering Link: /deals
Rendering Link: /pipeline
Rendering Link: /tasks
Rendering Link: /contracts
Rendering Link: /messages
Rendering Link: /ai-assistant
Rendering Link: /forecasts
Rendering Link: /settings
Rendering Link: /settings

 [32mΓ£ô[39m components/layout/AppSidebar.test.jsx [2m([22m[2m3 tests[22m[2m)[22m[33m 1597[2mms[22m[39m
     [33m[2mΓ£ô[22m[39m renders navigation links [33m 1449[2mms[22m[39m

[2m Test Files [22m [1m[32m1 passed[39m[22m[90m (1)[39m
[2m      Tests [22m [1m[32m3 passed[39m[22m[90m (3)[39m
[2m   Start at [22m 14:19:34
[2m   Duration [22m 5.83s

[1m[42m PASS [49m[22m [32mWaiting for file changes...[39m
       [2mpress [22m[1mh[22m[2m to show help[22m[2m, [22m[2mpress [22m[1mq[22m[2m to quit[22m
c[3J[1m[44m RERUN [49m[22m [34m[2mcomponents/layout/AppSidebar.test.jsx [22m[34mx7 [34m[39m
       [2m Filename pattern: [22m[34mcomponents/layout/AppSidebar.test.jsx, run[39m

[90mstdout[2m | components/layout/AppSidebar.test.jsx[2m > [22m[2mAppSidebar[2m > [22m[2mrenders navigation links
[22m[39mRendering Link: /dashboard
Rendering Link: /analytics
Rendering Link: /activity
Rendering Link: /leads
Rendering Link: /accounts
Rendering Link: /deals
Rendering Link: /pipeline
Rendering Link: /tasks
Rendering Link: /contracts
Rendering Link: /messages
Rendering Link: /ai-assistant
Rendering Link: /forecasts
Rendering Link: /settings
Rendering Link: /settings

[90mstdout[2m | components/layout/AppSidebar.test.jsx[2m > [22m[2mAppSidebar[2m > [22m[2mhighlights the active link
[22m[39mRendering Link: /dashboard
Rendering Link: /analytics
Rendering Link: /activity
Rendering Link: /leads
Rendering Link: /accounts
Rendering Link: /deals
Rendering Link: /pipeline
Rendering Link: /tasks
Rendering Link: /contracts
Rendering Link: /messages
Rendering Link: /ai-assistant
Rendering Link: /forecasts
Rendering Link: /settings
Rendering Link: /settings

[90mstdout[2m | components/layout/AppSidebar.test.jsx[2m > [22m[2mAppSidebar[2m > [22m[2mdisplays user profile info
[22m[39mRendering Link: /dashboard
Rendering Link: /analytics
Rendering Link: /activity
Rendering Link: /leads
Rendering Link: /accounts
Rendering Link: /deals
Rendering Link: /pipeline
Rendering Link: /tasks
Rendering Link: /contracts
Rendering Link: /messages
Rendering Link: /ai-assistant
Rendering Link: /forecasts
Rendering Link: /settings
Rendering Link: /settings

 [32mΓ£ô[39m components/layout/AppSidebar.test.jsx [2m([22m[2m3 tests[22m[2m)[22m[33m 4264[2mms[22m[39m
     [33m[2mΓ£ô[22m[39m renders navigation links [33m 4016[2mms[22m[39m

[2m Test Files [22m [1m[32m1 passed[39m[22m[90m (1)[39m
[2m      Tests [22m [1m[32m3 passed[39m[22m[90m (3)[39m
[2m   Start at [22m 14:20:28
[2m   Duration [22m 7.44s

[1m[42m PASS [49m[22m [32mWaiting for file changes...[39m
       [2mpress [22m[1mh[22m[2m to show help[22m[2m, [22m[2mpress [22m[1mq[22m[2m to quit[22m
c[3J[1m[44m RERUN [49m[22m [34m[2mcomponents/layout/AppSidebar.jsx [22m[34mx8 [34m[39m
       [2m Filename pattern: [22m[34mcomponents/layout/AppSidebar.test.jsx, run[39m

[90mstdout[2m | components/layout/AppSidebar.test.jsx[2m > [22m[2mAppSidebar[2m > [22m[2mrenders navigation links
[22m[39mRendering Link: /dashboard
Rendering Link: /analytics
Rendering Link: /activity
Rendering Link: /leads
Rendering Link: /accounts
Rendering Link: /deals
Rendering Link: /pipeline
Rendering Link: /tasks
Rendering Link: /contracts
Rendering Link: /messages
Rendering Link: /ai-assistant
Rendering Link: /forecasts
Rendering Link: /settings
Rendering Link: /settings

[90mstdout[2m | components/layout/AppSidebar.test.jsx[2m > [22m[2mAppSidebar[2m > [22m[2mhighlights the active link
[22m[39mRendering Link: /dashboard
Rendering Link: /analytics
Rendering Link: /activity
Rendering Link: /leads
Rendering Link: /accounts
Rendering Link: /deals
Rendering Link: /pipeline
Rendering Link: /tasks
Rendering Link: /contracts
Rendering Link: /messages
Rendering Link: /ai-assistant
Rendering Link: /forecasts
Rendering Link: /settings
Rendering Link: /settings

[90mstdout[2m | components/layout/AppSidebar.test.jsx[2m > [22m[2mAppSidebar[2m > [22m[2mdisplays user profile info
[22m[39mRendering Link: /dashboard
Rendering Link: /analytics
Rendering Link: /activity
Rendering Link: /leads
Rendering Link: /accounts
Rendering Link: /deals
Rendering Link: /pipeline
Rendering Link: /tasks
Rendering Link: /contracts
Rendering Link: /messages
Rendering Link: /ai-assistant
Rendering Link: /forecasts
Rendering Link: /settings
Rendering Link: /settings

 [32mΓ£ô[39m components/layout/AppSidebar.test.jsx [2m([22m[2m3 tests[22m[2m)[22m[33m 1197[2mms[22m[39m
     [33m[2mΓ£ô[22m[39m renders navigation links [33m 1102[2mms[22m[39m

[2m Test Files [22m [1m[32m1 passed[39m[22m[90m (1)[39m
[2m      Tests [22m [1m[32m3 passed[39m[22m[90m (3)[39m
[2m   Start at [22m 14:20:47
[2m   Duration [22m 3.73s

[1m[42m PASS [49m[22m [32mWaiting for file changes...[39m
       [2mpress [22m[1mh[22m[2m to show help[22m[2m, [22m[2mpress [22m[1mq[22m[2m to quit[22m
c[3J[1m[44m RERUN [49m[22m [34m[2mcomponents/layout/AppSidebar.test.jsx [22m[34mx9 [34m[39m
       [2m Filename pattern: [22m[34mcomponents/layout/AppSidebar.test.jsx, run[39m

 [32mΓ£ô[39m components/layout/AppSidebar.test.jsx [2m([22m[2m3 tests[22m[2m)[22m[33m 1006[2mms[22m[39m
     [33m[2mΓ£ô[22m[39m renders navigation links [33m 932[2mms[22m[39m

[2m Test Files [22m [1m[32m1 passed[39m[22m[90m (1)[39m
[2m      Tests [22m [1m[32m3 passed[39m[22m[90m (3)[39m
[2m   Start at [22m 14:21:15
[2m   Duration [22m 3.00s

[1m[42m PASS [49m[22m [32mWaiting for file changes...[39m
       [2mpress [22m[1mh[22m[2m to show help[22m[2m, [22m[2mpress [22m[1mq[22m[2m to quit[22m
c[3J[1m[44m RERUN [49m[22m [34m[2mcomponents/layout/AppSidebar.jsx [22m[34mx10 [34m[39m
       [2m Filename pattern: [22m[34mcomponents/layout/AppSidebar.test.jsx, run[39m

 [32mΓ£ô[39m components/layout/AppSidebar.test.jsx [2m([22m[2m3 tests[22m[2m)[22m[33m 1217[2mms[22m[39m
     [33m[2mΓ£ô[22m[39m renders navigation links [33m 1103[2mms[22m[39m

[2m Test Files [22m [1m[32m1 passed[39m[22m[90m (1)[39m
[2m      Tests [22m [1m[32m3 passed[39m[22m[90m (3)[39m
[2m   Start at [22m 14:24:57
[2m   Duration [22m 10.25s

[1m[42m PASS [49m[22m [32mWaiting for file changes...[39m
       [2mpress [22m[1mh[22m[2m to show help[22m[2m, [22m[2mpress [22m[1mq[22m[2m to quit[22m
[33mTest removed...[39m[2m [ components/layout/AppSidebar.test.jsx ]
[22m
